

================================================================
== Vitis HLS Report for 'memory_gather_top'
================================================================
* Date:           Wed Jul  8 23:10:40 2026

* Version:        2026.1 (Build 6493734 on Jun 16 2026)
* Project:        proj_synth_memory
* Solution:       sol1
* Product family: zynq
* Target device:  xc7z020-clg484-1


================================================================
== Performance Estimates
================================================================
+ Timing: 
    * Summary: 
    +--------+----------+----------+------------+
    |  Clock |  Target  | Estimated| Uncertainty|
    +--------+----------+----------+------------+
    |ap_clk  |  10.00 ns|  5.091 ns|     2.70 ns|
    +--------+----------+----------+------------+

+ Latency: 
    * Summary: 
    +---------+---------+----------+----------+-----+-----+-----------------------------------------+
    |  Latency (cycles) |  Latency (absolute) |  Interval |                 Pipeline                |
    |   min   |   max   |    min   |    max   | min | max |                   Type                  |
    +---------+---------+----------+----------+-----+-----+-----------------------------------------+
    |      258|      258|  2.580 us|  2.580 us|  256|  256|  loop auto-rewind stp (delay=0 cycle(s))|
    +---------+---------+----------+----------+-----+-----+-----------------------------------------+

    + Detail: 
        * Instance: 
        N/A

        * Loop: 
        +---------------+---------+---------+----------+-----------+-----------+------+----------+
        |               |  Latency (cycles) | Iteration|  Initiation Interval  | Trip |          |
        |   Loop Name   |   min   |   max   |  Latency |  achieved |   target  | Count| Pipelined|
        +---------------+---------+---------+----------+-----------+-----------+------+----------+
        |- GATHER_LOOP  |      256|      256|         2|          1|          1|   256|       yes|
        +---------------+---------+---------+----------+-----------+-----------+------+----------+



================================================================
== Utilization Estimates
================================================================
* Summary: 
+-----------------+---------+-----+--------+-------+-----+
|       Name      | BRAM_18K| DSP |   FF   |  LUT  | URAM|
+-----------------+---------+-----+--------+-------+-----+
|DSP              |        -|    -|       -|      -|    -|
|Expression       |        -|    -|       0|     34|    -|
|FIFO             |        -|    -|       -|      -|    -|
|Instance         |        -|    -|       -|      -|    -|
|Memory           |        -|    -|       -|      -|    -|
|Multiplexer      |        -|    -|       0|     27|    -|
|Register         |        -|    -|      20|      -|    -|
+-----------------+---------+-----+--------+-------+-----+
|Total            |        0|    0|      20|     61|    0|
+-----------------+---------+-----+--------+-------+-----+
|Available        |      280|  220|  106400|  53200|    0|
+-----------------+---------+-----+--------+-------+-----+
|Utilization (%)  |        0|    0|      ~0|     ~0|    0|
+-----------------+---------+-----+--------+-------+-----+

+ Detail: 
    * Instance: 
    N/A

    * DSP: 
    N/A

    * Memory: 
    N/A

    * FIFO: 
    N/A

    * Expression: 
    +---------------------+----------+----+---+----+------------+------------+
    |    Variable Name    | Operation| DSP| FF| LUT| Bitwidth P0| Bitwidth P1|
    +---------------------+----------+----+---+----+------------+------------+
    |i_3_fu_110_p2        |         +|   0|  0|  15|           8|           1|
    |ap_condition_84      |       and|   0|  0|   2|           1|           1|
    |icmp_ln28_fu_116_p2  |      icmp|   0|  0|  15|           8|           2|
    |ap_enable_pp0        |       xor|   0|  0|   2|           1|           2|
    +---------------------+----------+----+---+----+------------+------------+
    |Total                |          |   0|  0|  34|          18|           6|
    +---------------------+----------+----+---+----+------------+------------+

    * Multiplexer: 
    +----------------------+----+-----------+-----+-----------+
    |         Name         | LUT| Input Size| Bits| Total Bits|
    +----------------------+----+-----------+-----+-----------+
    |ap_done_int           |   9|          2|    1|          2|
    |ap_sig_allocacmp_i_2  |   9|          2|    8|         16|
    |i_fu_48               |   9|          2|    8|         16|
    +----------------------+----+-----------+-----+-----------+
    |Total                 |  27|          6|   17|         34|
    +----------------------+----+-----------+-----+-----------+

    * Register: 
    +----------------------------------+---+----+-----+-----------+
    |               Name               | FF| LUT| Bits| Const Bits|
    +----------------------------------+---+----+-----+-----------+
    |ap_CS_fsm                         |  1|   0|    1|          0|
    |ap_done_reg                       |  1|   0|    1|          0|
    |ap_enable_reg_pp0_iter1           |  1|   0|    1|          0|
    |ap_loop_exit_ready_pp0_iter1_reg  |  1|   0|    1|          0|
    |i_2_reg_138                       |  8|   0|    8|          0|
    |i_fu_48                           |  8|   0|    8|          0|
    +----------------------------------+---+----+-----+-----------+
    |Total                             | 20|   0|   20|          0|
    +----------------------------------+---+----+-----+-----------+



================================================================
== Interface
================================================================
* Summary: 
+-------------------+-----+-----+------------+-------------------+--------------+
|     RTL Ports     | Dir | Bits|  Protocol  |   Source Object   |    C Type    |
+-------------------+-----+-----+------------+-------------------+--------------+
|ap_clk             |   in|    1|  ap_ctrl_hs|  memory_gather_top|  return value|
|ap_rst             |   in|    1|  ap_ctrl_hs|  memory_gather_top|  return value|
|ap_start           |   in|    1|  ap_ctrl_hs|  memory_gather_top|  return value|
|ap_done            |  out|    1|  ap_ctrl_hs|  memory_gather_top|  return value|
|ap_idle            |  out|    1|  ap_ctrl_hs|  memory_gather_top|  return value|
|ap_ready           |  out|    1|  ap_ctrl_hs|  memory_gather_top|  return value|
|codebook_address0  |  out|   12|   ap_memory|           codebook|         array|
|codebook_ce0       |  out|    1|   ap_memory|           codebook|         array|
|codebook_q0        |   in|    1|   ap_memory|           codebook|         array|
|index              |   in|   32|     ap_none|              index|        scalar|
|out_r_address0     |  out|    8|   ap_memory|              out_r|         array|
|out_r_ce0          |  out|    1|   ap_memory|              out_r|         array|
|out_r_we0          |  out|    1|   ap_memory|              out_r|         array|
|out_r_d0           |  out|    1|   ap_memory|              out_r|         array|
+-------------------+-----+-----+------------+-------------------+--------------+

