

================================================================
== Vitis HLS Report for 'search_similarity_top'
================================================================
* Date:           Wed Jul  8 23:10:04 2026

* Version:        2026.1 (Build 6493734 on Jun 16 2026)
* Project:        proj_synth_search
* Solution:       sol1
* Product family: zynq
* Target device:  xc7z020-clg484-1


================================================================
== Performance Estimates
================================================================
+ Timing: 
    * Summary: 
    +--------+----------+----------+------------+
    |  Clock |  Target  | Estimated| Uncertainty|
    +--------+----------+----------+------------+
    |ap_clk  |  10.00 ns|  6.202 ns|     2.70 ns|
    +--------+----------+----------+------------+

+ Latency: 
    * Summary: 
    +---------+---------+-----------+-----------+------+------+---------+
    |  Latency (cycles) |   Latency (absolute)  |   Interval  | Pipeline|
    |   min   |   max   |    min    |    max    |  min |  max |   Type  |
    +---------+---------+-----------+-----------+------+------+---------+
    |     2569|     2569|  25.690 us|  25.690 us|  2570|  2570|       no|
    +---------+---------+-----------+-----------+------+------+---------+

    + Detail: 
        * Instance: 
        +--------------------------------------------------------------------+----------------------------------------------------------+---------+---------+-----------+-----------+-----+-----+-------------------+
        |                                                                    |                                                          |  Latency (cycles) |   Latency (absolute)  |  Interval |      Pipeline     |
        |                              Instance                              |                          Module                          |   min   |   max   |    min    |    max    | min | max |        Type       |
        +--------------------------------------------------------------------+----------------------------------------------------------+---------+---------+-----------+-----------+-----+-----+-------------------+
        |grp_search_similarity_top_Pipeline_SEED_DIM_fu_34                   |search_similarity_top_Pipeline_SEED_DIM                   |      258|      258|   2.580 us|   2.580 us|    0|    0|  loop pipeline stp|
        |grp_search_similarity_top_Pipeline_SEARCH_CLASSES_SEARCH_DIM_fu_43  |search_similarity_top_Pipeline_SEARCH_CLASSES_SEARCH_DIM  |     2307|     2307|  23.070 us|  23.070 us|    0|    0|  loop pipeline stp|
        +--------------------------------------------------------------------+----------------------------------------------------------+---------+---------+-----------+-----------+-----+-----+-------------------+

        * Loop: 
        N/A



================================================================
== Utilization Estimates
================================================================
* Summary: 
+-----------------+---------+-----+--------+-------+-----+
|       Name      | BRAM_18K| DSP |   FF   |  LUT  | URAM|
+-----------------+---------+-----+--------+-------+-----+
|DSP              |        -|    -|       -|      -|    -|
|Expression       |        -|    -|       -|      -|    -|
|FIFO             |        -|    -|       -|      -|    -|
|Instance         |        -|    -|     194|    452|    -|
|Memory           |        -|    -|       -|      -|    -|
|Multiplexer      |        -|    -|       0|     87|    -|
|Register         |        -|    -|       7|      -|    -|
+-----------------+---------+-----+--------+-------+-----+
|Total            |        0|    0|     201|    539|    0|
+-----------------+---------+-----+--------+-------+-----+
|Available        |      280|  220|  106400|  53200|    0|
+-----------------+---------+-----+--------+-------+-----+
|Utilization (%)  |        0|    0|      ~0|      1|    0|
+-----------------+---------+-----+--------+-------+-----+

+ Detail: 
    * Instance: 
    +--------------------------------------------------------------------+----------------------------------------------------------+---------+----+-----+-----+-----+
    |                              Instance                              |                          Module                          | BRAM_18K| DSP|  FF | LUT | URAM|
    +--------------------------------------------------------------------+----------------------------------------------------------+---------+----+-----+-----+-----+
    |grp_search_similarity_top_Pipeline_SEARCH_CLASSES_SEARCH_DIM_fu_43  |search_similarity_top_Pipeline_SEARCH_CLASSES_SEARCH_DIM  |        0|   0|  173|  362|    0|
    |grp_search_similarity_top_Pipeline_SEED_DIM_fu_34                   |search_similarity_top_Pipeline_SEED_DIM                   |        0|   0|   21|   90|    0|
    +--------------------------------------------------------------------+----------------------------------------------------------+---------+----+-----+-----+-----+
    |Total                                                               |                                                          |        0|   0|  194|  452|    0|
    +--------------------------------------------------------------------+----------------------------------------------------------+---------+----+-----+-----+-----+

    * DSP: 
    N/A

    * Memory: 
    N/A

    * FIFO: 
    N/A

    * Expression: 
    N/A

    * Multiplexer: 
    +----------------+----+-----------+-----+-----------+
    |      Name      | LUT| Input Size| Bits| Total Bits|
    +----------------+----+-----------+-----+-----------+
    |ap_NS_fsm       |  31|          6|    1|          6|
    |proto_address0  |  14|          3|   12|         36|
    |proto_ce0       |  14|          3|    1|          3|
    |query_address0  |  14|          3|    8|         24|
    |query_ce0       |  14|          3|    1|          3|
    +----------------+----+-----------+-----+-----------+
    |Total           |  87|         18|   23|         72|
    +----------------+----+-----------+-----+-----------+

    * Register: 
    +---------------------------------------------------------------------------------+---+----+-----+-----------+
    |                                       Name                                      | FF| LUT| Bits| Const Bits|
    +---------------------------------------------------------------------------------+---+----+-----+-----------+
    |ap_CS_fsm                                                                        |  5|   0|    5|          0|
    |grp_search_similarity_top_Pipeline_SEARCH_CLASSES_SEARCH_DIM_fu_43_ap_start_reg  |  1|   0|    1|          0|
    |grp_search_similarity_top_Pipeline_SEED_DIM_fu_34_ap_start_reg                   |  1|   0|    1|          0|
    +---------------------------------------------------------------------------------+---+----+-----+-----------+
    |Total                                                                            |  7|   0|    7|          0|
    +---------------------------------------------------------------------------------+---+----+-----+-----------+



================================================================
== Interface
================================================================
* Summary: 
+----------------+-----+-----+------------+-----------------------+--------------+
|    RTL Ports   | Dir | Bits|  Protocol  |     Source Object     |    C Type    |
+----------------+-----+-----+------------+-----------------------+--------------+
|ap_clk          |   in|    1|  ap_ctrl_hs|  search_similarity_top|  return value|
|ap_rst          |   in|    1|  ap_ctrl_hs|  search_similarity_top|  return value|
|ap_start        |   in|    1|  ap_ctrl_hs|  search_similarity_top|  return value|
|ap_done         |  out|    1|  ap_ctrl_hs|  search_similarity_top|  return value|
|ap_idle         |  out|    1|  ap_ctrl_hs|  search_similarity_top|  return value|
|ap_ready        |  out|    1|  ap_ctrl_hs|  search_similarity_top|  return value|
|ap_return       |  out|   32|  ap_ctrl_hs|  search_similarity_top|  return value|
|query_address0  |  out|    8|   ap_memory|                  query|         array|
|query_ce0       |  out|    1|   ap_memory|                  query|         array|
|query_q0        |   in|    1|   ap_memory|                  query|         array|
|proto_address0  |  out|   12|   ap_memory|                  proto|         array|
|proto_ce0       |  out|    1|   ap_memory|                  proto|         array|
|proto_q0        |   in|    1|   ap_memory|                  proto|         array|
+----------------+-----+-----+------------+-----------------------+--------------+

