

================================================================
== Vitis HLS Report for 'sim_bipolar_top'
================================================================
* Date:           Thu Jul  9 15:54:58 2026

* Version:        2026.1 (Build 6493734 on Jun 16 2026)
* Project:        proj_dt_sim_bipolar_top
* Solution:       sol1
* Product family: zynq
* Target device:  xc7z020-clg484-1


================================================================
== Performance Estimates
================================================================
+ Timing: 
    * Summary: 
    +--------+----------+----------+------------+
    |  Clock |  Target  | Estimated| Uncertainty|
    +--------+----------+----------+------------+
    |ap_clk  |  10.00 ns|  5.705 ns|     2.70 ns|
    +--------+----------+----------+------------+

+ Latency: 
    * Summary: 
    +---------+---------+----------+----------+-----+-----+---------+
    |  Latency (cycles) |  Latency (absolute) |  Interval | Pipeline|
    |   min   |   max   |    min   |    max   | min | max |   Type  |
    +---------+---------+----------+----------+-----+-----+---------+
    |      368|      368|  3.680 us|  3.680 us|  369|  369|       no|
    +---------+---------+----------+----------+-----+-----+---------+

    + Detail: 
        * Instance: 
        +-------------------------------------------------------------------------+---------------------------------------------------------------+---------+---------+----------+----------+-----+-----+---------+
        |                                                                         |                                                               |  Latency (cycles) |  Latency (absolute) |  Interval | Pipeline|
        |                                 Instance                                |                             Module                            |   min   |   max   |    min   |    max   | min | max |   Type  |
        +-------------------------------------------------------------------------+---------------------------------------------------------------+---------+---------+----------+----------+-----+-----+---------+
        |grp_similarity_search_ap_int_2_ap_int_32_256_10_bipolar_tag_8_2_s_fu_66  |similarity_search_ap_int_2_ap_int_32_256_10_bipolar_tag_8_2_s  |      367|      367|  3.670 us|  3.670 us|  367|  367|       no|
        +-------------------------------------------------------------------------+---------------------------------------------------------------+---------+---------+----------+----------+-----+-----+---------+

        * Loop: 
        N/A



================================================================
== Utilization Estimates
================================================================
* Summary: 
+-----------------+---------+-----+--------+-------+-----+
|       Name      | BRAM_18K| DSP |   FF   |  LUT  | URAM|
+-----------------+---------+-----+--------+-------+-----+
|DSP              |        -|    -|       -|      -|    -|
|Expression       |        -|    -|       -|      -|    -|
|FIFO             |        -|    -|       -|      -|    -|
|Instance         |        -|   12|     524|   1401|    -|
|Memory           |        -|    -|       -|      -|    -|
|Multiplexer      |        -|    -|       0|     14|    -|
|Register         |        -|    -|       3|      -|    -|
+-----------------+---------+-----+--------+-------+-----+
|Total            |        0|   12|     527|   1415|    0|
+-----------------+---------+-----+--------+-------+-----+
|Available        |      280|  220|  106400|  53200|    0|
+-----------------+---------+-----+--------+-------+-----+
|Utilization (%)  |        0|    5|      ~0|      2|    0|
+-----------------+---------+-----+--------+-------+-----+

+ Detail: 
    * Instance: 
    +-------------------------------------------------------------------------+---------------------------------------------------------------+---------+----+-----+------+-----+
    |                                 Instance                                |                             Module                            | BRAM_18K| DSP|  FF |  LUT | URAM|
    +-------------------------------------------------------------------------+---------------------------------------------------------------+---------+----+-----+------+-----+
    |grp_similarity_search_ap_int_2_ap_int_32_256_10_bipolar_tag_8_2_s_fu_66  |similarity_search_ap_int_2_ap_int_32_256_10_bipolar_tag_8_2_s  |        0|  12|  524|  1401|    0|
    +-------------------------------------------------------------------------+---------------------------------------------------------------+---------+----+-----+------+-----+
    |Total                                                                    |                                                               |        0|  12|  524|  1401|    0|
    +-------------------------------------------------------------------------+---------------------------------------------------------------+---------+----+-----+------+-----+

    * DSP: 
    N/A

    * Memory: 
    N/A

    * FIFO: 
    N/A

    * Expression: 
    N/A

    * Multiplexer: 
    +-----------+----+-----------+-----+-----------+
    |    Name   | LUT| Input Size| Bits| Total Bits|
    +-----------+----+-----------+-----+-----------+
    |ap_NS_fsm  |  14|          3|    1|          3|
    +-----------+----+-----------+-----+-----------+
    |Total      |  14|          3|    1|          3|
    +-----------+----+-----------+-----+-----------+

    * Register: 
    +--------------------------------------------------------------------------------------+---+----+-----+-----------+
    |                                         Name                                         | FF| LUT| Bits| Const Bits|
    +--------------------------------------------------------------------------------------+---+----+-----+-----------+
    |ap_CS_fsm                                                                             |  2|   0|    2|          0|
    |grp_similarity_search_ap_int_2_ap_int_32_256_10_bipolar_tag_8_2_s_fu_66_ap_start_reg  |  1|   0|    1|          0|
    +--------------------------------------------------------------------------------------+---+----+-----+-----------+
    |Total                                                                                 |  3|   0|    3|          0|
    +--------------------------------------------------------------------------------------+---+----+-----+-----------+



================================================================
== Interface
================================================================
* Summary: 
+--------------------+-----+-----+------------+-----------------+--------------+
|      RTL Ports     | Dir | Bits|  Protocol  |  Source Object  |    C Type    |
+--------------------+-----+-----+------------+-----------------+--------------+
|ap_clk              |   in|    1|  ap_ctrl_hs|  sim_bipolar_top|  return value|
|ap_rst              |   in|    1|  ap_ctrl_hs|  sim_bipolar_top|  return value|
|ap_start            |   in|    1|  ap_ctrl_hs|  sim_bipolar_top|  return value|
|ap_done             |  out|    1|  ap_ctrl_hs|  sim_bipolar_top|  return value|
|ap_idle             |  out|    1|  ap_ctrl_hs|  sim_bipolar_top|  return value|
|ap_ready            |  out|    1|  ap_ctrl_hs|  sim_bipolar_top|  return value|
|ap_return           |  out|   32|  ap_ctrl_hs|  sim_bipolar_top|  return value|
|q_0_address0        |  out|    5|   ap_memory|              q_0|         array|
|q_0_ce0             |  out|    1|   ap_memory|              q_0|         array|
|q_0_q0              |   in|    2|   ap_memory|              q_0|         array|
|q_1_address0        |  out|    5|   ap_memory|              q_1|         array|
|q_1_ce0             |  out|    1|   ap_memory|              q_1|         array|
|q_1_q0              |   in|    2|   ap_memory|              q_1|         array|
|q_2_address0        |  out|    5|   ap_memory|              q_2|         array|
|q_2_ce0             |  out|    1|   ap_memory|              q_2|         array|
|q_2_q0              |   in|    2|   ap_memory|              q_2|         array|
|q_3_address0        |  out|    5|   ap_memory|              q_3|         array|
|q_3_ce0             |  out|    1|   ap_memory|              q_3|         array|
|q_3_q0              |   in|    2|   ap_memory|              q_3|         array|
|q_4_address0        |  out|    5|   ap_memory|              q_4|         array|
|q_4_ce0             |  out|    1|   ap_memory|              q_4|         array|
|q_4_q0              |   in|    2|   ap_memory|              q_4|         array|
|q_5_address0        |  out|    5|   ap_memory|              q_5|         array|
|q_5_ce0             |  out|    1|   ap_memory|              q_5|         array|
|q_5_q0              |   in|    2|   ap_memory|              q_5|         array|
|q_6_address0        |  out|    5|   ap_memory|              q_6|         array|
|q_6_ce0             |  out|    1|   ap_memory|              q_6|         array|
|q_6_q0              |   in|    2|   ap_memory|              q_6|         array|
|q_7_address0        |  out|    5|   ap_memory|              q_7|         array|
|q_7_ce0             |  out|    1|   ap_memory|              q_7|         array|
|q_7_q0              |   in|    2|   ap_memory|              q_7|         array|
|proto_0_0_address0  |  out|    8|   ap_memory|        proto_0_0|         array|
|proto_0_0_ce0       |  out|    1|   ap_memory|        proto_0_0|         array|
|proto_0_0_q0        |   in|    2|   ap_memory|        proto_0_0|         array|
|proto_0_1_address0  |  out|    8|   ap_memory|        proto_0_1|         array|
|proto_0_1_ce0       |  out|    1|   ap_memory|        proto_0_1|         array|
|proto_0_1_q0        |   in|    2|   ap_memory|        proto_0_1|         array|
|proto_0_2_address0  |  out|    8|   ap_memory|        proto_0_2|         array|
|proto_0_2_ce0       |  out|    1|   ap_memory|        proto_0_2|         array|
|proto_0_2_q0        |   in|    2|   ap_memory|        proto_0_2|         array|
|proto_0_3_address0  |  out|    8|   ap_memory|        proto_0_3|         array|
|proto_0_3_ce0       |  out|    1|   ap_memory|        proto_0_3|         array|
|proto_0_3_q0        |   in|    2|   ap_memory|        proto_0_3|         array|
|proto_0_4_address0  |  out|    8|   ap_memory|        proto_0_4|         array|
|proto_0_4_ce0       |  out|    1|   ap_memory|        proto_0_4|         array|
|proto_0_4_q0        |   in|    2|   ap_memory|        proto_0_4|         array|
|proto_0_5_address0  |  out|    8|   ap_memory|        proto_0_5|         array|
|proto_0_5_ce0       |  out|    1|   ap_memory|        proto_0_5|         array|
|proto_0_5_q0        |   in|    2|   ap_memory|        proto_0_5|         array|
|proto_0_6_address0  |  out|    8|   ap_memory|        proto_0_6|         array|
|proto_0_6_ce0       |  out|    1|   ap_memory|        proto_0_6|         array|
|proto_0_6_q0        |   in|    2|   ap_memory|        proto_0_6|         array|
|proto_0_7_address0  |  out|    8|   ap_memory|        proto_0_7|         array|
|proto_0_7_ce0       |  out|    1|   ap_memory|        proto_0_7|         array|
|proto_0_7_q0        |   in|    2|   ap_memory|        proto_0_7|         array|
|proto_1_0_address0  |  out|    8|   ap_memory|        proto_1_0|         array|
|proto_1_0_ce0       |  out|    1|   ap_memory|        proto_1_0|         array|
|proto_1_0_q0        |   in|    2|   ap_memory|        proto_1_0|         array|
|proto_1_1_address0  |  out|    8|   ap_memory|        proto_1_1|         array|
|proto_1_1_ce0       |  out|    1|   ap_memory|        proto_1_1|         array|
|proto_1_1_q0        |   in|    2|   ap_memory|        proto_1_1|         array|
|proto_1_2_address0  |  out|    8|   ap_memory|        proto_1_2|         array|
|proto_1_2_ce0       |  out|    1|   ap_memory|        proto_1_2|         array|
|proto_1_2_q0        |   in|    2|   ap_memory|        proto_1_2|         array|
|proto_1_3_address0  |  out|    8|   ap_memory|        proto_1_3|         array|
|proto_1_3_ce0       |  out|    1|   ap_memory|        proto_1_3|         array|
|proto_1_3_q0        |   in|    2|   ap_memory|        proto_1_3|         array|
|proto_1_4_address0  |  out|    8|   ap_memory|        proto_1_4|         array|
|proto_1_4_ce0       |  out|    1|   ap_memory|        proto_1_4|         array|
|proto_1_4_q0        |   in|    2|   ap_memory|        proto_1_4|         array|
|proto_1_5_address0  |  out|    8|   ap_memory|        proto_1_5|         array|
|proto_1_5_ce0       |  out|    1|   ap_memory|        proto_1_5|         array|
|proto_1_5_q0        |   in|    2|   ap_memory|        proto_1_5|         array|
|proto_1_6_address0  |  out|    8|   ap_memory|        proto_1_6|         array|
|proto_1_6_ce0       |  out|    1|   ap_memory|        proto_1_6|         array|
|proto_1_6_q0        |   in|    2|   ap_memory|        proto_1_6|         array|
|proto_1_7_address0  |  out|    8|   ap_memory|        proto_1_7|         array|
|proto_1_7_ce0       |  out|    1|   ap_memory|        proto_1_7|         array|
|proto_1_7_q0        |   in|    2|   ap_memory|        proto_1_7|         array|
+--------------------+-----+-----+------------+-----------------+--------------+

