

================================================================
== Vitis HLS Report for 'similarity_search_ap_uint_ap_int_256_10_binary_tag_8_2_Pipeline_SEED_DIM'
================================================================
* Date:           Wed Jul  8 23:26:49 2026

* Version:        2026.1 (Build 6493734 on Jun 16 2026)
* Project:        proj_synth_search
* Solution:       sol1
* Product family: zynq
* Target device:  xc7z020-clg484-1


================================================================
== Performance Estimates
================================================================
+ Timing: 
    * Summary: 
    +--------+----------+----------+------------+
    |  Clock |  Target  | Estimated| Uncertainty|
    +--------+----------+----------+------------+
    |ap_clk  |  10.00 ns|  4.999 ns|     2.70 ns|
    +--------+----------+----------+------------+

+ Latency: 
    * Summary: 
    +---------+---------+----------+----------+-----+-----+-------------------+
    |  Latency (cycles) |  Latency (absolute) |  Interval |      Pipeline     |
    |   min   |   max   |    min   |    max   | min | max |        Type       |
    +---------+---------+----------+----------+-----+-----+-------------------+
    |       35|       35|  0.350 us|  0.350 us|    0|    0|  loop pipeline stp|
    +---------+---------+----------+----------+-----+-----+-------------------+

    + Detail: 
        * Instance: 
        N/A

        * Loop: 
        +------------+---------+---------+----------+-----------+-----------+------+----------+
        |            |  Latency (cycles) | Iteration|  Initiation Interval  | Trip |          |
        |  Loop Name |   min   |   max   |  Latency |  achieved |   target  | Count| Pipelined|
        +------------+---------+---------+----------+-----------+-----------+------+----------+
        |- SEED_DIM  |       33|       33|         3|          1|          1|    32|       yes|
        +------------+---------+---------+----------+-----------+-----------+------+----------+



================================================================
== Utilization Estimates
================================================================
* Summary: 
+-----------------+---------+-----+--------+-------+-----+
|       Name      | BRAM_18K| DSP |   FF   |  LUT  | URAM|
+-----------------+---------+-----+--------+-------+-----+
|DSP              |        -|    -|       -|      -|    -|
|Expression       |        -|    -|       0|    121|    -|
|FIFO             |        -|    -|       -|      -|    -|
|Instance         |        -|    -|       -|      -|    -|
|Memory           |        -|    -|       -|      -|    -|
|Multiplexer      |        -|    -|       0|     45|    -|
|Register         |        -|    -|      28|      -|    -|
+-----------------+---------+-----+--------+-------+-----+
|Total            |        0|    0|      28|    166|    0|
+-----------------+---------+-----+--------+-------+-----+
|Available        |      280|  220|  106400|  53200|    0|
+-----------------+---------+-----+--------+-------+-----+
|Utilization (%)  |        0|    0|      ~0|     ~0|    0|
+-----------------+---------+-----+--------+-------+-----+

+ Detail: 
    * Instance: 
    N/A

    * DSP: 
    N/A

    * Memory: 
    N/A

    * FIFO: 
    N/A

    * Expression: 
    +------------------------+----------+----+---+----+------------+------------+
    |      Variable Name     | Operation| DSP| FF| LUT| Bitwidth P0| Bitwidth P1|
    +------------------------+----------+----+---+----+------------+------------+
    |add_ln60_fu_348_p2      |         +|   0|  0|  14|           9|           4|
    |add_ln63_1_fu_449_p2    |         +|   0|  0|  10|           2|           2|
    |add_ln63_2_fu_459_p2    |         +|   0|  0|  11|           3|           3|
    |add_ln63_3_fu_469_p2    |         +|   0|  0|  10|           2|           2|
    |add_ln63_4_fu_479_p2    |         +|   0|  0|  10|           2|           2|
    |add_ln63_5_fu_489_p2    |         +|   0|  0|  11|           3|           3|
    |add_ln63_6_fu_499_p2    |         +|   0|  0|  13|           4|           4|
    |add_ln63_fu_439_p2      |         +|   0|  0|  10|           2|           2|
    |best_score_4_fu_511_p2  |         +|   0|  0|  14|           9|           9|
    |ap_enable_pp0           |       xor|   0|  0|   2|           1|           2|
    |xor_ln30_1_fu_369_p2    |       xor|   0|  0|   2|           1|           1|
    |xor_ln30_2_fu_379_p2    |       xor|   0|  0|   2|           1|           1|
    |xor_ln30_3_fu_389_p2    |       xor|   0|  0|   2|           1|           1|
    |xor_ln30_4_fu_399_p2    |       xor|   0|  0|   2|           1|           1|
    |xor_ln30_5_fu_409_p2    |       xor|   0|  0|   2|           1|           1|
    |xor_ln30_6_fu_419_p2    |       xor|   0|  0|   2|           1|           1|
    |xor_ln30_7_fu_429_p2    |       xor|   0|  0|   2|           1|           1|
    |xor_ln30_fu_359_p2      |       xor|   0|  0|   2|           1|           1|
    +------------------------+----------+----+---+----+------------+------------+
    |Total                   |          |   0|  0| 121|          45|          41|
    +------------------------+----------+----+---+----+------------+------------+

    * Multiplexer: 
    +-------------------------+----+-----------+-----+-----------+
    |           Name          | LUT| Input Size| Bits| Total Bits|
    +-------------------------+----+-----------+-----+-----------+
    |ap_done_int              |   9|          2|    1|          2|
    |ap_enable_reg_pp0_iter1  |   9|          2|    1|          2|
    |ap_sig_allocacmp_i_2     |   9|          2|    9|         18|
    |best_score_fu_74         |   9|          2|    9|         18|
    |i_fu_78                  |   9|          2|    9|         18|
    +-------------------------+----+-----------+-----+-----------+
    |Total                    |  45|         10|   29|         58|
    +-------------------------+----+-----------+-----+-----------+

    * Register: 
    +----------------------------------+---+----+-----+-----------+
    |               Name               | FF| LUT| Bits| Const Bits|
    +----------------------------------+---+----+-----+-----------+
    |add_ln63_6_reg_625                |  4|   0|    4|          0|
    |ap_CS_fsm                         |  1|   0|    1|          0|
    |ap_done_reg                       |  1|   0|    1|          0|
    |ap_enable_reg_pp0_iter1           |  1|   0|    1|          0|
    |ap_enable_reg_pp0_iter2           |  1|   0|    1|          0|
    |ap_loop_exit_ready_pp0_iter1_reg  |  1|   0|    1|          0|
    |best_score_fu_74                  |  9|   0|    9|          0|
    |i_fu_78                           |  9|   0|    9|          0|
    |tmp_reg_541                       |  1|   0|    1|          0|
    +----------------------------------+---+----+-----+-----------+
    |Total                             | 28|   0|   28|          0|
    +----------------------------------+---+----+-----+-----------+



================================================================
== Interface
================================================================
* Summary: 
+-----------------------+-----+-----+------------+---------------------------------------------------------------------------+--------------+
|       RTL Ports       | Dir | Bits|  Protocol  |                               Source Object                               |    C Type    |
+-----------------------+-----+-----+------------+---------------------------------------------------------------------------+--------------+
|ap_clk                 |   in|    1|  ap_ctrl_hs|  similarity_search<ap_uint,ap_int,256,10,binary_tag,8,2>_Pipeline_SEED_DIM|  return value|
|ap_rst                 |   in|    1|  ap_ctrl_hs|  similarity_search<ap_uint,ap_int,256,10,binary_tag,8,2>_Pipeline_SEED_DIM|  return value|
|ap_start               |   in|    1|  ap_ctrl_hs|  similarity_search<ap_uint,ap_int,256,10,binary_tag,8,2>_Pipeline_SEED_DIM|  return value|
|ap_done                |  out|    1|  ap_ctrl_hs|  similarity_search<ap_uint,ap_int,256,10,binary_tag,8,2>_Pipeline_SEED_DIM|  return value|
|ap_idle                |  out|    1|  ap_ctrl_hs|  similarity_search<ap_uint,ap_int,256,10,binary_tag,8,2>_Pipeline_SEED_DIM|  return value|
|ap_ready               |  out|    1|  ap_ctrl_hs|  similarity_search<ap_uint,ap_int,256,10,binary_tag,8,2>_Pipeline_SEED_DIM|  return value|
|proto_0_0_address0     |  out|    8|   ap_memory|                                                                  proto_0_0|         array|
|proto_0_0_ce0          |  out|    1|   ap_memory|                                                                  proto_0_0|         array|
|proto_0_0_q0           |   in|    1|   ap_memory|                                                                  proto_0_0|         array|
|proto_0_1_address0     |  out|    8|   ap_memory|                                                                  proto_0_1|         array|
|proto_0_1_ce0          |  out|    1|   ap_memory|                                                                  proto_0_1|         array|
|proto_0_1_q0           |   in|    1|   ap_memory|                                                                  proto_0_1|         array|
|proto_0_2_address0     |  out|    8|   ap_memory|                                                                  proto_0_2|         array|
|proto_0_2_ce0          |  out|    1|   ap_memory|                                                                  proto_0_2|         array|
|proto_0_2_q0           |   in|    1|   ap_memory|                                                                  proto_0_2|         array|
|proto_0_3_address0     |  out|    8|   ap_memory|                                                                  proto_0_3|         array|
|proto_0_3_ce0          |  out|    1|   ap_memory|                                                                  proto_0_3|         array|
|proto_0_3_q0           |   in|    1|   ap_memory|                                                                  proto_0_3|         array|
|proto_0_4_address0     |  out|    8|   ap_memory|                                                                  proto_0_4|         array|
|proto_0_4_ce0          |  out|    1|   ap_memory|                                                                  proto_0_4|         array|
|proto_0_4_q0           |   in|    1|   ap_memory|                                                                  proto_0_4|         array|
|proto_0_5_address0     |  out|    8|   ap_memory|                                                                  proto_0_5|         array|
|proto_0_5_ce0          |  out|    1|   ap_memory|                                                                  proto_0_5|         array|
|proto_0_5_q0           |   in|    1|   ap_memory|                                                                  proto_0_5|         array|
|proto_0_6_address0     |  out|    8|   ap_memory|                                                                  proto_0_6|         array|
|proto_0_6_ce0          |  out|    1|   ap_memory|                                                                  proto_0_6|         array|
|proto_0_6_q0           |   in|    1|   ap_memory|                                                                  proto_0_6|         array|
|proto_0_7_address0     |  out|    8|   ap_memory|                                                                  proto_0_7|         array|
|proto_0_7_ce0          |  out|    1|   ap_memory|                                                                  proto_0_7|         array|
|proto_0_7_q0           |   in|    1|   ap_memory|                                                                  proto_0_7|         array|
|query_0_address0       |  out|    5|   ap_memory|                                                                    query_0|         array|
|query_0_ce0            |  out|    1|   ap_memory|                                                                    query_0|         array|
|query_0_q0             |   in|    1|   ap_memory|                                                                    query_0|         array|
|query_1_address0       |  out|    5|   ap_memory|                                                                    query_1|         array|
|query_1_ce0            |  out|    1|   ap_memory|                                                                    query_1|         array|
|query_1_q0             |   in|    1|   ap_memory|                                                                    query_1|         array|
|query_2_address0       |  out|    5|   ap_memory|                                                                    query_2|         array|
|query_2_ce0            |  out|    1|   ap_memory|                                                                    query_2|         array|
|query_2_q0             |   in|    1|   ap_memory|                                                                    query_2|         array|
|query_3_address0       |  out|    5|   ap_memory|                                                                    query_3|         array|
|query_3_ce0            |  out|    1|   ap_memory|                                                                    query_3|         array|
|query_3_q0             |   in|    1|   ap_memory|                                                                    query_3|         array|
|query_4_address0       |  out|    5|   ap_memory|                                                                    query_4|         array|
|query_4_ce0            |  out|    1|   ap_memory|                                                                    query_4|         array|
|query_4_q0             |   in|    1|   ap_memory|                                                                    query_4|         array|
|query_5_address0       |  out|    5|   ap_memory|                                                                    query_5|         array|
|query_5_ce0            |  out|    1|   ap_memory|                                                                    query_5|         array|
|query_5_q0             |   in|    1|   ap_memory|                                                                    query_5|         array|
|query_6_address0       |  out|    5|   ap_memory|                                                                    query_6|         array|
|query_6_ce0            |  out|    1|   ap_memory|                                                                    query_6|         array|
|query_6_q0             |   in|    1|   ap_memory|                                                                    query_6|         array|
|query_7_address0       |  out|    5|   ap_memory|                                                                    query_7|         array|
|query_7_ce0            |  out|    1|   ap_memory|                                                                    query_7|         array|
|query_7_q0             |   in|    1|   ap_memory|                                                                    query_7|         array|
|best_score_out         |  out|    9|      ap_vld|                                                             best_score_out|       pointer|
|best_score_out_ap_vld  |  out|    1|      ap_vld|                                                             best_score_out|       pointer|
+-----------------------+-----+-----+------------+---------------------------------------------------------------------------+--------------+

