

================================================================
== Vitis HLS Report for 'similarity_search_Pipeline_SEARCH_DIM2'
================================================================
* Date:           Wed Jul  8 23:26:50 2026

* Version:        2026.1 (Build 6493734 on Jun 16 2026)
* Project:        proj_synth_search
* Solution:       sol1
* Product family: zynq
* Target device:  xc7z020-clg484-1


================================================================
== Performance Estimates
================================================================
+ Timing: 
    * Summary: 
    +--------+----------+----------+------------+
    |  Clock |  Target  | Estimated| Uncertainty|
    +--------+----------+----------+------------+
    |ap_clk  |  10.00 ns|  4.999 ns|     2.70 ns|
    +--------+----------+----------+------------+

+ Latency: 
    * Summary: 
    +---------+---------+----------+----------+-----+-----+-------------------+
    |  Latency (cycles) |  Latency (absolute) |  Interval |      Pipeline     |
    |   min   |   max   |    min   |    max   | min | max |        Type       |
    +---------+---------+----------+----------+-----+-----+-------------------+
    |       35|       35|  0.350 us|  0.350 us|    0|    0|  loop pipeline stp|
    +---------+---------+----------+----------+-----+-----+-------------------+

    + Detail: 
        * Instance: 
        N/A

        * Loop: 
        +--------------+---------+---------+----------+-----------+-----------+------+----------+
        |              |  Latency (cycles) | Iteration|  Initiation Interval  | Trip |          |
        |   Loop Name  |   min   |   max   |  Latency |  achieved |   target  | Count| Pipelined|
        +--------------+---------+---------+----------+-----------+-----------+------+----------+
        |- SEARCH_DIM  |       33|       33|         3|          1|          1|    32|       yes|
        +--------------+---------+---------+----------+-----------+-----------+------+----------+



================================================================
== Utilization Estimates
================================================================
* Summary: 
+-----------------+---------+-----+--------+-------+-----+
|       Name      | BRAM_18K| DSP |   FF   |  LUT  | URAM|
+-----------------+---------+-----+--------+-------+-----+
|DSP              |        -|    -|       -|      -|    -|
|Expression       |        -|    -|       0|    121|    -|
|FIFO             |        -|    -|       -|      -|    -|
|Instance         |        -|    -|       -|      -|    -|
|Memory           |        -|    -|       -|      -|    -|
|Multiplexer      |        -|    -|       0|     45|    -|
|Register         |        -|    -|      28|      -|    -|
+-----------------+---------+-----+--------+-------+-----+
|Total            |        0|    0|      28|    166|    0|
+-----------------+---------+-----+--------+-------+-----+
|Available        |      280|  220|  106400|  53200|    0|
+-----------------+---------+-----+--------+-------+-----+
|Utilization (%)  |        0|    0|      ~0|     ~0|    0|
+-----------------+---------+-----+--------+-------+-----+

+ Detail: 
    * Instance: 
    N/A

    * DSP: 
    N/A

    * Memory: 
    N/A

    * FIFO: 
    N/A

    * Expression: 
    +----------------------+----------+----+---+----+------------+------------+
    |     Variable Name    | Operation| DSP| FF| LUT| Bitwidth P0| Bitwidth P1|
    +----------------------+----------+----+---+----+------------+------------+
    |add_ln72_fu_372_p2    |         +|   0|  0|  14|           9|           4|
    |add_ln75_1_fu_473_p2  |         +|   0|  0|  10|           2|           2|
    |add_ln75_2_fu_483_p2  |         +|   0|  0|  11|           3|           3|
    |add_ln75_3_fu_493_p2  |         +|   0|  0|  10|           2|           2|
    |add_ln75_4_fu_503_p2  |         +|   0|  0|  10|           2|           2|
    |add_ln75_5_fu_513_p2  |         +|   0|  0|  11|           3|           3|
    |add_ln75_6_fu_523_p2  |         +|   0|  0|  13|           4|           4|
    |add_ln75_fu_463_p2    |         +|   0|  0|  10|           2|           2|
    |score_1_fu_535_p2     |         +|   0|  0|  14|           9|           9|
    |ap_enable_pp0         |       xor|   0|  0|   2|           1|           2|
    |xor_ln30_1_fu_393_p2  |       xor|   0|  0|   2|           1|           1|
    |xor_ln30_2_fu_403_p2  |       xor|   0|  0|   2|           1|           1|
    |xor_ln30_3_fu_413_p2  |       xor|   0|  0|   2|           1|           1|
    |xor_ln30_4_fu_423_p2  |       xor|   0|  0|   2|           1|           1|
    |xor_ln30_5_fu_433_p2  |       xor|   0|  0|   2|           1|           1|
    |xor_ln30_6_fu_443_p2  |       xor|   0|  0|   2|           1|           1|
    |xor_ln30_7_fu_453_p2  |       xor|   0|  0|   2|           1|           1|
    |xor_ln30_fu_383_p2    |       xor|   0|  0|   2|           1|           1|
    +----------------------+----------+----+---+----+------------+------------+
    |Total                 |          |   0|  0| 121|          45|          41|
    +----------------------+----------+----+---+----+------------+------------+

    * Multiplexer: 
    +-------------------------+----+-----------+-----+-----------+
    |           Name          | LUT| Input Size| Bits| Total Bits|
    +-------------------------+----+-----------+-----+-----------+
    |ap_done_int              |   9|          2|    1|          2|
    |ap_enable_reg_pp0_iter1  |   9|          2|    1|          2|
    |ap_sig_allocacmp_i_1     |   9|          2|    9|         18|
    |i_fu_84                  |   9|          2|    9|         18|
    |score_fu_80              |   9|          2|    9|         18|
    +-------------------------+----+-----------+-----+-----------+
    |Total                    |  45|         10|   29|         58|
    +-------------------------+----+-----------+-----+-----------+

    * Register: 
    +----------------------------------+---+----+-----+-----------+
    |               Name               | FF| LUT| Bits| Const Bits|
    +----------------------------------+---+----+-----+-----------+
    |add_ln75_6_reg_649                |  4|   0|    4|          0|
    |ap_CS_fsm                         |  1|   0|    1|          0|
    |ap_done_reg                       |  1|   0|    1|          0|
    |ap_enable_reg_pp0_iter1           |  1|   0|    1|          0|
    |ap_enable_reg_pp0_iter2           |  1|   0|    1|          0|
    |ap_loop_exit_ready_pp0_iter1_reg  |  1|   0|    1|          0|
    |i_fu_84                           |  9|   0|    9|          0|
    |score_fu_80                       |  9|   0|    9|          0|
    |tmp_reg_565                       |  1|   0|    1|          0|
    +----------------------------------+---+----+-----+-----------+
    |Total                             | 28|   0|   28|          0|
    +----------------------------------+---+----+-----+-----------+



================================================================
== Interface
================================================================
* Summary: 
+--------------------+-----+-----+------------+----------------------------------------+--------------+
|      RTL Ports     | Dir | Bits|  Protocol  |              Source Object             |    C Type    |
+--------------------+-----+-----+------------+----------------------------------------+--------------+
|ap_clk              |   in|    1|  ap_ctrl_hs|  similarity_search_Pipeline_SEARCH_DIM2|  return value|
|ap_rst              |   in|    1|  ap_ctrl_hs|  similarity_search_Pipeline_SEARCH_DIM2|  return value|
|ap_start            |   in|    1|  ap_ctrl_hs|  similarity_search_Pipeline_SEARCH_DIM2|  return value|
|ap_done             |  out|    1|  ap_ctrl_hs|  similarity_search_Pipeline_SEARCH_DIM2|  return value|
|ap_idle             |  out|    1|  ap_ctrl_hs|  similarity_search_Pipeline_SEARCH_DIM2|  return value|
|ap_ready            |  out|    1|  ap_ctrl_hs|  similarity_search_Pipeline_SEARCH_DIM2|  return value|
|lshr_ln2            |   in|    3|     ap_none|                                lshr_ln2|        scalar|
|proto_0_0_address0  |  out|    8|   ap_memory|                               proto_0_0|         array|
|proto_0_0_ce0       |  out|    1|   ap_memory|                               proto_0_0|         array|
|proto_0_0_q0        |   in|    1|   ap_memory|                               proto_0_0|         array|
|proto_0_1_address0  |  out|    8|   ap_memory|                               proto_0_1|         array|
|proto_0_1_ce0       |  out|    1|   ap_memory|                               proto_0_1|         array|
|proto_0_1_q0        |   in|    1|   ap_memory|                               proto_0_1|         array|
|proto_0_2_address0  |  out|    8|   ap_memory|                               proto_0_2|         array|
|proto_0_2_ce0       |  out|    1|   ap_memory|                               proto_0_2|         array|
|proto_0_2_q0        |   in|    1|   ap_memory|                               proto_0_2|         array|
|proto_0_3_address0  |  out|    8|   ap_memory|                               proto_0_3|         array|
|proto_0_3_ce0       |  out|    1|   ap_memory|                               proto_0_3|         array|
|proto_0_3_q0        |   in|    1|   ap_memory|                               proto_0_3|         array|
|proto_0_4_address0  |  out|    8|   ap_memory|                               proto_0_4|         array|
|proto_0_4_ce0       |  out|    1|   ap_memory|                               proto_0_4|         array|
|proto_0_4_q0        |   in|    1|   ap_memory|                               proto_0_4|         array|
|proto_0_5_address0  |  out|    8|   ap_memory|                               proto_0_5|         array|
|proto_0_5_ce0       |  out|    1|   ap_memory|                               proto_0_5|         array|
|proto_0_5_q0        |   in|    1|   ap_memory|                               proto_0_5|         array|
|proto_0_6_address0  |  out|    8|   ap_memory|                               proto_0_6|         array|
|proto_0_6_ce0       |  out|    1|   ap_memory|                               proto_0_6|         array|
|proto_0_6_q0        |   in|    1|   ap_memory|                               proto_0_6|         array|
|proto_0_7_address0  |  out|    8|   ap_memory|                               proto_0_7|         array|
|proto_0_7_ce0       |  out|    1|   ap_memory|                               proto_0_7|         array|
|proto_0_7_q0        |   in|    1|   ap_memory|                               proto_0_7|         array|
|query_0_address0    |  out|    5|   ap_memory|                                 query_0|         array|
|query_0_ce0         |  out|    1|   ap_memory|                                 query_0|         array|
|query_0_q0          |   in|    1|   ap_memory|                                 query_0|         array|
|query_1_address0    |  out|    5|   ap_memory|                                 query_1|         array|
|query_1_ce0         |  out|    1|   ap_memory|                                 query_1|         array|
|query_1_q0          |   in|    1|   ap_memory|                                 query_1|         array|
|query_2_address0    |  out|    5|   ap_memory|                                 query_2|         array|
|query_2_ce0         |  out|    1|   ap_memory|                                 query_2|         array|
|query_2_q0          |   in|    1|   ap_memory|                                 query_2|         array|
|query_3_address0    |  out|    5|   ap_memory|                                 query_3|         array|
|query_3_ce0         |  out|    1|   ap_memory|                                 query_3|         array|
|query_3_q0          |   in|    1|   ap_memory|                                 query_3|         array|
|query_4_address0    |  out|    5|   ap_memory|                                 query_4|         array|
|query_4_ce0         |  out|    1|   ap_memory|                                 query_4|         array|
|query_4_q0          |   in|    1|   ap_memory|                                 query_4|         array|
|query_5_address0    |  out|    5|   ap_memory|                                 query_5|         array|
|query_5_ce0         |  out|    1|   ap_memory|                                 query_5|         array|
|query_5_q0          |   in|    1|   ap_memory|                                 query_5|         array|
|query_6_address0    |  out|    5|   ap_memory|                                 query_6|         array|
|query_6_ce0         |  out|    1|   ap_memory|                                 query_6|         array|
|query_6_q0          |   in|    1|   ap_memory|                                 query_6|         array|
|query_7_address0    |  out|    5|   ap_memory|                                 query_7|         array|
|query_7_ce0         |  out|    1|   ap_memory|                                 query_7|         array|
|query_7_q0          |   in|    1|   ap_memory|                                 query_7|         array|
|score_2_out         |  out|    9|      ap_vld|                             score_2_out|       pointer|
|score_2_out_ap_vld  |  out|    1|      ap_vld|                             score_2_out|       pointer|
+--------------------+-----+-----+------------+----------------------------------------+--------------+

